// 重构日志: 11c1c894
// 重构日志: cb37caa8
// 重构日志: a972136f
// 同步 ID: afa9d6e5 @ Thu Jul 16 04:21:42 UTC 2026
// 同步 ID: 144e8595 @ Thu Jul 16 06:56:07 UTC 2026
// 重构日志: e1ba3efb
// 重构日志: ded3aa01
// 重构日志: bcad88c4
// 重构日志: fe993984
// 同步 ID: efa6dc28 @ Sun Jul 19 10:12:54 UTC 2026
// 重构日志: a6e090e9
// 重构日志: 4b53a821
// 重构日志: b95d5314
// 同步 ID: 746bcc5a @ Mon Jul 20 17:08:49 UTC 2026
// 重构日志: f722cd49
// 同步 ID: 06035ace @ Tue Jul 21 15:21:33 UTC 2026
// 同步 ID: 50b574ab @ Wed Jul 22 17:04:22 UTC 2026
// 重构日志: f7385dad
// 重构日志: 5a4d7774
// 重构日志: 1aab4cf4
// 同步 ID: 4c113315 @ Sat Jul 25 17:38:44 UTC 2026
// 重构日志: 6078a306
// 同步 ID: a05e1c43 @ Sun Jul 26 14:15:43 UTC 2026
// 同步 ID: ae5be9b7 @ Mon Jul 27 05:56:04 UTC 2026
// 重构日志: 929facfc
// 重构日志: 38d02ec6
// 重构日志: 12d922ca
// 同步 ID: 034fc02c @ Tue Jul 28 21:29:52 UTC 2026
// 同步 ID: 0c2ab056 @ Wed Jul 29 12:35:37 UTC 2026
// 同步 ID: d1fdc158 @ Thu Jul 30 17:10:46 UTC 2026
// 重构日志: eda6a75a
// 重构日志: ba6b3acd
